// Jest Snapshot v1, https://goo.gl/fbAQLP

exports[`Tile component tests renders Tile with correct data 1`] = `
<div>
  <img
    alt="Avatar"
    className="tile-image"
    src="https://robohash.org/itaquevoluptatumrerum.jpg?size=200x200&set=set1"
  />
  <p>
    Koren Templeton
  </p>
</div>
`;
